[    0.000000] Linux version 4.15.0-212-generic (buildd@lcy02-amd64-083) (gcc version 7.5.0 (Ubuntu 7.5.0-3ubuntu1~18.04)) #223-Ubuntu SMP Tue May 23 13:09:22 UTC 2023 (Ubuntu 4.15.0-212.223-generic 4.15.18)
[    0.000000] Command line: BOOT_IMAGE=/boot/vmlinuz-4.15.0-212-generic root=LABEL=cloudimg-rootfs ro console=tty1 console=ttyS0
[    0.000000] KERNEL supported cpus:
[    0.000000]   Intel GenuineIntel
[    0.000000]   AMD AuthenticAMD
[    0.000000]   Centaur CentaurHauls
[    0.000000] x86/fpu: Supporting XSAVE feature 0x001: 'x87 floating point registers'
[    0.000000] x86/fpu: Supporting XSAVE feature 0x002: 'SSE registers'
[    0.000000] x86/fpu: Supporting XSAVE feature 0x004: 'AVX registers'
[    0.000000] x86/fpu: xstate_offset[2]:  576, xstate_sizes[2]:  256
[    0.000000] x86/fpu: Enabled xstate features 0x7, context size is 832 bytes, using 'standard' format.
[    0.000000] e820: BIOS-provided physical RAM map:
[    0.000000] BIOS-e820: [mem 0x0000000000000000-0x000000000009fbff] usable
[    0.000000] BIOS-e820: [mem 0x000000000009fc00-0x000000000009ffff] reserved
[    0.000000] BIOS-e820: [mem 0x00000000000f0000-0x00000000000fffff] reserved
[    0.000000] BIOS-e820: [mem 0x0000000000100000-0x000000001ffeffff] usable
[    0.000000] BIOS-e820: [mem 0x000000001fff0000-0x000000001fffffff] ACPI data
[    0.000000] BIOS-e820: [mem 0x00000000fec00000-0x00000000fec00fff] reserved
[    0.000000] BIOS-e820: [mem 0x00000000fee00000-0x00000000fee00fff] reserved
[    0.000000] BIOS-e820: [mem 0x00000000fffc0000-0x00000000ffffffff] reserved
[    0.000000] NX (Execute Disable) protection: active
[    0.000000] SMBIOS 2.5 present.
[    0.000000] DMI: innotek GmbH VirtualBox/VirtualBox, BIOS VirtualBox 12/01/2006
[    0.000000] Hypervisor detected: KVM
[    0.000000] e820: last_pfn = 0x1fff0 max_arch_pfn = 0x400000000
[    0.000000] MTRR: Disabled
[    0.000000] x86/PAT: MTRRs disabled, skipping PAT initialization too.
[    0.000000] CPU MTRRs all blank - virtualized system.
[    0.000000] x86/PAT: Configuration [0-7]: WB  WT  UC- UC  WB  WT  UC- UC  
[    0.000000] found SMP MP-table at [mem 0x0009fff0-0x0009ffff]
[    0.000000] Scanning 1 areas for low memory corruption
[    0.000000] RAMDISK: [mem 0x1db01000-0x1ee12fff]
[    0.000000] ACPI: Early table checksum verification disabled
[    0.000000] ACPI: RSDP 0x00000000000E0000 000024 (v02 VBOX  )
[    0.000000] ACPI: XSDT 0x000000001FFF0030 00003C (v01 VBOX   VBOXXSDT 00000001 ASL  00000061)
[    0.000000] ACPI: FACP 0x000000001FFF00F0 0000F4 (v04 VBOX   VBOXFACP 00000001 ASL  00000061)
[    0.000000] ACPI: DSDT 0x000000001FFF0470 0022EA (v02 VBOX   VBOXBIOS 00000002 INTL 20100528)
[    0.000000] ACPI: FACS 0x000000001FFF0200 000040
[    0.000000] ACPI: FACS 0x000000001FFF0200 000040
[    0.000000] ACPI: APIC 0x000000001FFF0240 00005C (v02 VBOX   VBOXAPIC 00000001 ASL  00000061)
[    0.000000] ACPI: SSDT 0x000000001FFF02A0 0001CC (v01 VBOX   VBOXCPUT 00000002 INTL 20100528)
[    0.000000] ACPI: Reserving FACP table memory at [mem 0x1fff00f0-0x1fff01e3]
[    0.000000] ACPI: Reserving DSDT table memory at [mem 0x1fff0470-0x1fff2759]
[    0.000000] ACPI: Reserving FACS table memory at [mem 0x1fff0200-0x1fff023f]
[    0.000000] ACPI: Reserving FACS table memory at [mem 0x1fff0200-0x1fff023f]
[    0.000000] ACPI: Reserving APIC table memory at [mem 0x1fff0240-0x1fff029b]
[    0.000000] ACPI: Reserving SSDT table memory at [mem 0x1fff02a0-0x1fff046b]
[    0.000000] No NUMA configuration found
[    0.000000] Faking a node at [mem 0x0000000000000000-0x000000001ffeffff]
[    0.000000] NODE_DATA(0) allocated [mem 0x1ffc5000-0x1ffeffff]
[    0.000000] kvm-clock: cpu 0, msr 0:1ff44001, primary cpu clock
[    0.000000] kvm-clock: Using msrs 4b564d01 and 4b564d00
[    0.000000] kvm-clock: using sched offset of 3282163467 cycles
[    0.000000] clocksource: kvm-clock: mask: 0xffffffffffffffff max_cycles: 0x1cd42e4dffb, max_idle_ns: 881590591483 ns
[    0.000000] Zone ranges:
[    0.000000]   DMA      [mem 0x0000000000001000-0x0000000000ffffff]
[    0.000000]   DMA32    [mem 0x0000000001000000-0x000000001ffeffff]
[    0.000000]   Normal   empty
[    0.000000]   Device   empty
[    0.000000] Movable zone start for each node
[    0.000000] Early memory node ranges
[    0.000000]   node   0: [mem 0x0000000000001000-0x000000000009efff]
[    0.000000]   node   0: [mem 0x0000000000100000-0x000000001ffeffff]
[    0.000000] Reserved but unavailable: 104 pages
[    0.000000] Initmem setup node 0 [mem 0x0000000000001000-0x000000001ffeffff]
[    0.000000] ACPI: PM-Timer IO Port: 0x4008
[    0.000000] IOAPIC[0]: apic_id 2, version 32, address 0xfec00000, GSI 0-23
[    0.000000] ACPI: INT_SRC_OVR (bus 0 bus_irq 0 global_irq 2 dfl dfl)
[    0.000000] ACPI: INT_SRC_OVR (bus 0 bus_irq 9 global_irq 9 low level)
[    0.000000] Using ACPI (MADT) for SMP configuration information
[    0.000000] smpboot: Allowing 2 CPUs, 0 hotplug CPUs
[    0.000000] PM: Registered nosave memory: [mem 0x00000000-0x00000fff]
[    0.000000] PM: Registered nosave memory: [mem 0x0009f000-0x0009ffff]
[    0.000000] PM: Registered nosave memory: [mem 0x000a0000-0x000effff]
[    0.000000] PM: Registered nosave memory: [mem 0x000f0000-0x000fffff]
[    0.000000] e820: [mem 0x20000000-0xfebfffff] available for PCI devices
[    0.000000] Booting paravirtualized kernel on KVM
[    0.000000] clocksource: refined-jiffies: mask: 0xffffffff max_cycles: 0xffffffff, max_idle_ns: 7645519600211568 ns
[    0.000000] setup_percpu: NR_CPUS:8192 nr_cpumask_bits:2 nr_cpu_ids:2 nr_node_ids:1
[    0.000000] percpu: Embedded 50 pages/cpu s167936 r8192 d28672 u1048576
[    0.000000] PV qspinlock hash table entries: 256 (order: 0, 4096 bytes)
[    0.000000] Built 1 zonelists, mobility grouping on.  Total pages: 128889
[    0.000000] Policy zone: DMA32
[    0.000000] Kernel command line: BOOT_IMAGE=/boot/vmlinuz-4.15.0-212-generic root=LABEL=cloudimg-rootfs ro console=tty1 console=ttyS0
[    0.000000] Memory: 466548K/523832K available (12300K kernel code, 2477K rwdata, 4324K rodata, 2480K init, 2720K bss, 57284K reserved, 0K cma-reserved)
[    0.000000] SLUB: HWalign=64, Order=0-3, MinObjects=0, CPUs=2, Nodes=1
[    0.000000] ftrace: allocating 39508 entries in 155 pages
[    0.004000] Hierarchical RCU implementation.
[    0.004000] 	RCU restricting CPUs from NR_CPUS=8192 to nr_cpu_ids=2.
[    0.004000] 	Tasks RCU enabled.
[    0.004000] RCU: Adjusting geometry for rcu_fanout_leaf=16, nr_cpu_ids=2
[    0.004000] NR_IRQS: 524544, nr_irqs: 440, preallocated irqs: 16
[    0.004000] random: crng init done
[    0.004000] Console: colour VGA+ 80x25
[    0.004000] console [tty1] enabled
[    0.004000] console [ttyS0] enabled
[    0.004000] ACPI: Core revision 20170831
[    0.004000] ACPI: 2 ACPI AML tables successfully acquired and loaded
[    0.004000] APIC: Switch to symmetric I/O mode setup
[    0.004000] x2apic enabled
[    0.004000] Switched APIC routing to physical x2apic.
[    0.004000] ..TIMER: vector=0x30 apic1=0 pin1=2 apic2=-1 pin2=-1
[    0.004000] tsc: Detected 3600.004 MHz processor
[    0.004000] Calibrating delay loop (skipped) preset value.. 7200.00 BogoMIPS (lpj=14400016)
[    0.004003] pid_max: default: 32768 minimum: 301
[    0.004447] Security Framework initialized
[    0.004864] Yama: becoming mindful.
[    0.005206] AppArmor: AppArmor initialized
[    0.005660] Dentry cache hash table entries: 65536 (order: 7, 524288 bytes)
[    0.006417] Inode-cache hash table entries: 32768 (order: 6, 262144 bytes)
[    0.007036] Mount-cache hash table entries: 1024 (order: 1, 8192 bytes)
[    0.007613] Mountpoint-cache hash table entries: 1024 (order: 1, 8192 bytes)
[    0.008220] Last level iTLB entries: 4KB 0, 2MB 0, 4MB 0
[    0.008714] Last level dTLB entries: 4KB 0, 2MB 0, 4MB 0, 1GB 0
[    0.009262] Spectre V1 : Mitigation: usercopy/swapgs barriers and __user pointer sanitization
[    0.010041] unchecked MSR access error: WRMSR to 0x48 (tried to write 0x0000000000000001) at rIP: 0xffffffffb346e1b8 (native_write_msr+0x8/0x30)
[    0.011263] Call Trace:
[    0.012004]  wrmsrl+0x16/0x20
[    0.012352]  check_bugs+0x3c9/0xcf6
[    0.012811]  ? delayacct_init+0x52/0x70
[    0.013203]  start_kernel+0x4a5/0x4ed
[    0.013565]  x86_64_start_reservations+0x24/0x26
[    0.014001]  x86_64_start_kernel+0x8e/0x91
[    0.014404]  secondary_startup_64+0xa5/0xb0
[    0.014816] Spectre V2 : Mitigation: Enhanced IBRS
[    0.015270] Spectre V2 : Spectre v2 / SpectreRSB mitigation: Filling RSB on context switch
[    0.016003] Spectre V2 : Spectre v2 / PBRSB-eIBRS: Retire a single CALL on VMEXIT
[    0.016737] RETBleed: Mitigation: Enhanced IBRS
[    0.017172] Speculative Store Bypass: Vulnerable
[    0.017636] MMIO Stale Data: Mitigation: Clear CPU buffers
[    0.018249] Freeing SMP alternatives memory: 36K
[    0.128564] smpboot: CPU0: 11th Gen Intel(R) Core(TM) i7-11700K @ 3.60GHz (family: 0x6, model: 0xa7, stepping: 0x1)
[    0.129602] Performance Events: unsupported p6 CPU model 167 no PMU driver, software events only.
[    0.130427] Hierarchical SRCU implementation.
[    0.131240] NMI watchdog: Perf event create on CPU 0 failed with -2
[    0.131808] NMI watchdog: Perf NMI watchdog permanently disabled
[    0.132000] smp: Bringing up secondary CPUs ...
[    0.132042] x86: Booting SMP configuration:
[    0.132442] .... node  #0, CPUs:      #1
[    0.004000] kvm-clock: cpu 1, msr 0:1ff44041, secondary cpu clock
[    0.135374] smp: Brought up 1 node, 2 CPUs
[    0.135374] smpboot: Max logical packages: 1
[    0.136002] smpboot: Total of 2 processors activated (14400.01 BogoMIPS)
[    0.136724] devtmpfs: initialized
[    0.136724] x86/mm: Memory block size: 128MB
[    0.136828] evm: security.selinux
[    0.137170] evm: security.SMACK64
[    0.137495] evm: security.SMACK64EXEC
[    0.137847] evm: security.SMACK64TRANSMUTE
[    0.138239] evm: security.SMACK64MMAP
[    0.138598] evm: security.apparmor
[    0.140001] evm: security.ima
[    0.140303] evm: security.capability
[    0.140667] clocksource: jiffies: mask: 0xffffffff max_cycles: 0xffffffff, max_idle_ns: 7645041785100000 ns
[    0.140911] futex hash table entries: 512 (order: 3, 32768 bytes)
[    0.141488] pinctrl core: initialized pinctrl subsystem
[    0.142038] RTC time:  1:45:54, date: 10/29/24
[    0.142544] NET: Registered protocol family 16
[    0.143019] audit: initializing netlink subsys (disabled)
[    0.144015] audit: type=2000 audit(1730166358.915:1): state=initialized audit_enabled=0 res=1
[    0.144808] cpuidle: using governor ladder
[    0.144808] cpuidle: using governor menu
[    0.144812] ACPI: bus type PCI registered
[    0.145203] acpiphp: ACPI Hot Plug PCI Controller Driver version: 0.5
[    0.145859] PCI: Using configuration type 1 for base access
[    0.148235] HugeTLB registered 2.00 MiB page size, pre-allocated 0 pages
[    0.148657] ACPI: Added _OSI(Module Device)
[    0.152002] ACPI: Added _OSI(Processor Device)
[    0.152440] ACPI: Added _OSI(3.0 _SCP Extensions)
[    0.152906] ACPI: Added _OSI(Processor Aggregator Device)
[    0.153419] ACPI: Added _OSI(Linux-Dell-Video)
[    0.153841] ACPI: Added _OSI(Linux-Lenovo-NV-HDMI-Audio)
[    0.154343] ACPI: Added _OSI(Linux-HPI-Hybrid-Graphics)
[    0.155023] ACPI: Executed 1 blocks of module-level executable AML code
[    0.157732] ACPI: Interpreter enabled
[    0.158107] ACPI: (supports S0 S5)
[    0.158466] ACPI: Using IOAPIC for interrupt routing
[    0.160016] PCI: Using host bridge windows from ACPI; if necessary, use "pci=nocrs" and report a bug
[    0.160982] ACPI: Enabled 2 GPEs in block 00 to 07
[    0.165307] ACPI: PCI Root Bridge [PCI0] (domain 0000 [bus 00-ff])
[    0.166256] acpi PNP0A03:00: _OSC: OS supports [ASPM ClockPM Segments MSI]
[    0.167152] acpi PNP0A03:00: _OSC: not requesting OS control; OS requires [ExtendedConfig ASPM ClockPM MSI]
[    0.168000] acpi PNP0A03:00: fail to add MMCONFIG information, can't access extended PCI configuration space under this bridge.
[    0.168178] PCI host bridge to bus 0000:00
[    0.168574] pci_bus 0000:00: root bus resource [io  0x0000-0x0cf7 window]
[    0.169176] pci_bus 0000:00: root bus resource [io  0x0d00-0xffff window]
[    0.169790] pci_bus 0000:00: root bus resource [mem 0x000a0000-0x000bffff window]
[    0.170491] pci_bus 0000:00: root bus resource [mem 0x20000000-0xfdffffff window]
[    0.172002] pci_bus 0000:00: root bus resource [bus 00-ff]
[    0.173622] pci 0000:00:01.1: legacy IDE quirk: reg 0x10: [io  0x01f0-0x01f7]
[    0.174272] pci 0000:00:01.1: legacy IDE quirk: reg 0x14: [io  0x03f6]
[    0.174862] pci 0000:00:01.1: legacy IDE quirk: reg 0x18: [io  0x0170-0x0177]
[    0.175573] pci 0000:00:01.1: legacy IDE quirk: reg 0x1c: [io  0x0376]
[    0.182292] pci 0000:00:07.0: quirk: [io  0x4000-0x403f] claimed by PIIX4 ACPI
[    0.183002] pci 0000:00:07.0: quirk: [io  0x4100-0x410f] claimed by PIIX4 SMB
[    0.185785] ACPI: PCI Interrupt Link [LNKA] (IRQs 5 9 10 *11)
[    0.186479] ACPI: PCI Interrupt Link [LNKB] (IRQs 5 9 *10 11)
[    0.187075] ACPI: PCI Interrupt Link [LNKC] (IRQs 5 *9 10 11)
[    0.187656] ACPI: PCI Interrupt Link [LNKD] (IRQs 5 9 10 *11)
[    0.188165] SCSI subsystem initialized
[    0.188591] pci 0000:00:02.0: vgaarb: setting as boot VGA device
[    0.188591] pci 0000:00:02.0: vgaarb: VGA device added: decodes=io+mem,owns=io+mem,locks=none
[    0.189365] pci 0000:00:02.0: vgaarb: bridge control possible
[    0.189894] vgaarb: loaded
[    0.190190] ACPI: bus type USB registered
[    0.190584] usbcore: registered new interface driver usbfs
[    0.191096] usbcore: registered new interface driver hub
[    0.192008] usbcore: registered new device driver usb
[    0.192501] EDAC MC: Ver: 3.0.0
[    0.192501] PCI: Using ACPI for IRQ routing
[    0.196137] NetLabel: Initializing
[    0.196483] NetLabel:  domain hash size = 128
[    0.196909] NetLabel:  protocols = UNLABELED CIPSOv4 CALIPSO
[    0.197477] NetLabel:  unlabeled traffic allowed by default
[    0.198025] clocksource: Switched to clocksource kvm-clock
[    0.212086] VFS: Disk quotas dquot_6.6.0
[    0.212523] VFS: Dquot-cache hash table entries: 512 (order 0, 4096 bytes)
[    0.213203] AppArmor: AppArmor Filesystem Enabled
[    0.213665] pnp: PnP ACPI init
[    0.214503] pnp: PnP ACPI: found 3 devices
[    0.221878] clocksource: acpi_pm: mask: 0xffffff max_cycles: 0xffffff, max_idle_ns: 2085701024 ns
[    0.222762] NET: Registered protocol family 2
[    0.223210] IP idents hash table entries: 8192 (order: 4, 65536 bytes)
[    0.223913] TCP established hash table entries: 4096 (order: 3, 32768 bytes)
[    0.224628] TCP bind hash table entries: 4096 (order: 4, 65536 bytes)
[    0.225217] TCP: Hash tables configured (established 4096 bind 4096)
[    0.225805] UDP hash table entries: 256 (order: 1, 8192 bytes)
[    0.226343] UDP-Lite hash table entries: 256 (order: 1, 8192 bytes)
[    0.226921] NET: Registered protocol family 1
[    0.227402] pci 0000:00:00.0: Limiting direct PCI/PCI transfers
[    0.227954] pci 0000:00:01.0: Activating ISA DMA hang workarounds
[    0.228559] pci 0000:00:02.0: Video device with shadowed ROM at [mem 0x000c0000-0x000dffff]
[    0.229397] Unpacking initramfs...
[    0.482664] Freeing initrd memory: 19528K
[    0.483108] clocksource: tsc: mask: 0xffffffffffffffff max_cycles: 0x33e456ed7d0, max_idle_ns: 440795322762 ns
[    0.484051] platform rtc_cmos: registered platform RTC device (no PNP device found)
[    0.484771] Scanning for low memory corruption every 60 seconds
[    0.485679] Initialise system trusted keyrings
[    0.486117] Key type blacklist registered
[    0.486608] workingset: timestamp_bits=36 max_order=17 bucket_order=0
[    0.487687] zbud: loaded
[    0.488189] squashfs: version 4.0 (2009/01/31) Phillip Lougher
[    0.488869] fuse init (API version 7.26)
[    0.490578] Key type asymmetric registered
[    0.490989] Asymmetric key parser 'x509' registered
[    0.491465] Block layer SCSI generic (bsg) driver version 0.4 loaded (major 246)
[    0.492217] io scheduler noop registered
[    0.492637] io scheduler deadline registered
[    0.493069] io scheduler cfq registered (default)
[    0.493719] ACPI: AC Adapter [AC] (on-line)
[    0.494154] input: Power Button as /devices/LNXSYSTM:00/LNXPWRBN:00/input/input0
[    0.494881] ACPI: Power Button [PWRF]
[    0.495290] input: Sleep Button as /devices/LNXSYSTM:00/LNXSLPBN:00/input/input1
[    0.496083] ACPI: Sleep Button [SLPF]
[    0.496634] Serial: 8250/16550 driver, 32 ports, IRQ sharing enabled
[    0.517604] 00:02: ttyS0 at I/O 0x3f8 (irq = 4, base_baud = 115200) is a 16550A
[    0.519975] Linux agpgart interface v0.103
[    0.521267] loop: module loaded
[    0.521901] scsi host0: ata_piix
[    0.522325] scsi host1: ata_piix
[    0.522679] ata1: PATA max UDMA/33 cmd 0x1f0 ctl 0x3f6 bmdma 0xd000 irq 14
[    0.523305] ata2: PATA max UDMA/33 cmd 0x170 ctl 0x376 bmdma 0xd008 irq 15
[    0.524023] tun: Universal TUN/TAP device driver, 1.6
[    0.524927] PPP generic driver version 2.4.2
[    0.525409] ehci_hcd: USB 2.0 'Enhanced' Host Controller (EHCI) Driver
[    0.526016] ehci-pci: EHCI PCI platform driver
[    0.526463] ehci-platform: EHCI generic platform driver
[    0.526949] ohci_hcd: USB 1.1 'Open' Host Controller (OHCI) Driver
[    0.527524] ohci-pci: OHCI PCI platform driver
[    0.528028] ohci-platform: OHCI generic platform driver
[    0.528542] uhci_hcd: USB Universal Host Controller Interface driver
[    0.529174] i8042: PNP: PS/2 Controller [PNP0303:PS2K,PNP0f03:PS2M] at 0x60,0x64 irq 1,12
[    0.530443] serio: i8042 KBD port at 0x60,0x64 irq 1
[    0.531017] serio: i8042 AUX port at 0x60,0x64 irq 12
[    0.531640] mousedev: PS/2 mouse device common for all mice
[    0.532599] input: AT Translated Set 2 keyboard as /devices/platform/i8042/serio0/input/input2
[    0.533427] rtc_cmos rtc_cmos: rtc core: registered rtc_cmos as rtc0
[    0.534163] rtc_cmos rtc_cmos: alarms up to one day, 114 bytes nvram
[    0.534760] i2c /dev entries driver
[    0.535138] device-mapper: uevent: version 1.0.3
[    0.535631] device-mapper: ioctl: 4.37.0-ioctl (2017-09-20) initialised: dm-devel@redhat.com
[    0.536453] ledtrig-cpu: registered to indicate activity on CPUs
[    0.537229] NET: Registered protocol family 10
[    0.539454] Segment Routing with IPv6
[    0.539829] NET: Registered protocol family 17
[    0.540317] Key type dns_resolver registered
[    0.540834] mce: Using 0 MCE banks
[    0.541179] RAS: Correctable Errors collector initialized.
[    0.541703] sched_clock: Marking stable (540818656, 0)->(635752795, -94934139)
[    0.542649] registered taskstats version 1
[    0.543048] Loading compiled-in X.509 certificates
[    0.544569] Loaded X.509 cert 'Build time autogenerated kernel key: b5b26778eaa3ab3a4a6cee031137706e947d12ad'
[    0.545771] Loaded X.509 cert 'Canonical Ltd. Live Patch Signing: 14df34d1a87cf37625abec039ef2bf521249b969'
[    0.547224] Loaded X.509 cert 'Canonical Ltd. Kernel Module Signing: 88f752e560a1e0737e31163a466ad7b70a850c19'
[    0.548184] blacklist: Loading compiled-in revocation X.509 certificates
[    0.548814] Loaded X.509 cert 'Canonical Ltd. Secure Boot Signing: 61482aa2830d0ab2ad5af10b7250da9033ddcef0'
[    0.549787] Loaded X.509 cert 'Canonical Ltd. Secure Boot Signing (2017): 242ade75ac4a15e50d50c84b0d45ff3eae707a03'
[    0.550731] Loaded X.509 cert 'Canonical Ltd. Secure Boot Signing (ESM 2018): 365188c1d374d6b07c3c8f240f8ef722433d6a8b'
[    0.551700] Loaded X.509 cert 'Canonical Ltd. Secure Boot Signing (2019): c0746fd6c5da3ae827864651ad66ae47fe24b3e8'
[    0.552671] Loaded X.509 cert 'Canonical Ltd. Secure Boot Signing (2021 v1): a8d54bbb3825cfb94fa13c9f8a594a195c107b8d'
[    0.553631] Loaded X.509 cert 'Canonical Ltd. Secure Boot Signing (2021 v2): 4cf046892d6fd3c9a5b03f98d845f90851dc6a8c'
[    0.554631] Loaded X.509 cert 'Canonical Ltd. Secure Boot Signing (2021 v3): 100437bb6de6e469b581e61cd66bce3ef4ed53af'
[    0.555586] Loaded X.509 cert 'Canonical Ltd. Secure Boot Signing (Ubuntu Core 2019): c1d57b8f6b743f23ee41f4f7ee292f06eecadfb9'
[    0.556644] zswap: loaded using pool lzo/zbud
[    0.558773] Key type big_key registered
[    0.559161] Key type trusted registered
[    0.560359] Key type encrypted registered
[    0.560776] AppArmor: AppArmor sha1 policy hashing enabled
[    0.561278] ima: No TPM chip found, activating TPM-bypass! (rc=-19)
[    0.561840] ima: Allocated hash algorithm: sha1
[    0.562269] evm: HMAC attrs: 0x1
[    0.562709]   Magic number: 12:543:762
[    0.563079] atkbd serio0: hash matches
[    0.563499] rtc_cmos rtc_cmos: setting system clock to 2024-10-29 01:45:54 UTC (1730166354)
[    0.564345] BIOS EDD facility v0.16 2004-Jun-25, 0 devices found
[    0.564891] EDD information not available.
[    0.685342] Freeing unused kernel image memory: 2480K
[    0.715320] Write protecting the kernel read-only data: 20480k
[    0.716202] Freeing unused kernel image memory: 2008K
[    0.716859] Freeing unused kernel image memory: 1820K
[    0.720299] x86/mm: Checked W+X mappings: passed, no W+X pages found.
Loading, please wait...
starting version 237
[    0.756070] e1000: Intel(R) PRO/1000 Network Driver - version 7.3.21-k8-NAPI
[    0.756932] e1000: Copyright (c) 1999-2006 Intel Corporation.
[    0.759111] Fusion MPT base driver 3.04.20
[    0.759600] Copyright (c) 1999-2008 LSI Corporation
[    0.767532] Fusion MPT SPI Host driver 3.04.20
[    0.777706] AVX2 version of gcm_enc/dec engaged.
[    0.778171] AES CTR mode by8 optimization enabled
[    0.965746] input: ImExPS/2 Generic Explorer Mouse as /devices/platform/i8042/serio1/input/input4
[    1.127145] e1000 0000:00:03.0 eth0: (PCI:33MHz:32-bit) 02:3b:7b:b7:3b:2d
[    1.128339] e1000 0000:00:03.0 eth0: Intel(R) PRO/1000 Network Connection
[    1.129757] mptbase: ioc0: Initiating bringup
[    1.130475] e1000 0000:00:03.0 enp0s3: renamed from eth0
[    1.245552] ioc0: LSI53C1030 A0: Capabilities={Initiator}
[    2.479759] scsi host2: ioc0: LSI53C1030 A0, FwRev=00000000h, Ports=1, MaxQ=256, IRQ=20
[    2.818416] scsi 2:0:0:0: Direct-Access     VBOX     HARDDISK         1.0  PQ: 0 ANSI: 5
[    2.852380] scsi target2:0:0: Beginning Domain Validation
[    2.854743] scsi target2:0:0: Domain Validation skipping write tests
[    2.855489] scsi target2:0:0: Ending Domain Validation
[    2.856083] scsi target2:0:0: asynchronous
[    2.856935] scsi 2:0:1:0: Direct-Access     VBOX     HARDDISK         1.0  PQ: 0 ANSI: 5
[    2.888054] scsi target2:0:1: Beginning Domain Validation
[    2.889737] scsi target2:0:1: Domain Validation skipping write tests
[    2.890345] scsi target2:0:1: Ending Domain Validation
[    2.891026] scsi target2:0:1: asynchronous
[    2.894540] sd 2:0:0:0: Attached scsi generic sg0 type 0
[    2.895189] sd 2:0:0:0: [sda] 83886080 512-byte logical blocks: (42.9 GB/40.0 GiB)
[    2.895969] sd 2:0:0:0: [sda] Write Protect is off
[    2.896559] sd 2:0:1:0: Attached scsi generic sg1 type 0
[    2.897063] sd 2:0:0:0: [sda] Incomplete mode parameter data
[    2.897578] sd 2:0:0:0: [sda] Assuming drive cache: write through
[    2.898258] sd 2:0:1:0: [sdb] 20480 512-byte logical blocks: (10.5 MB/10.0 MiB)
[    2.899000] sd 2:0:1:0: [sdb] Write Protect is off
[    2.899543] sd 2:0:1:0: [sdb] Incomplete mode parameter data
[    2.900097] sd 2:0:1:0: [sdb] Assuming drive cache: write through
[    2.900527]  sda: sda1
[    2.901393] sd 2:0:0:0: [sda] Attached SCSI disk
[    2.902589] sd 2:0:1:0: [sdb] Attached SCSI disk
Begin: Loading essential drivers ... [    4.200434] raid6: sse2x1   gen() 18207 MB/s
[    4.248009] raid6: sse2x1   xor() 10949 MB/s
[    4.296165] raid6: sse2x2   gen() 23433 MB/s
[    4.344241] raid6: sse2x2   xor() 15482 MB/s
[    4.392372] raid6: sse2x4   gen() 26662 MB/s
[    4.440034] raid6: sse2x4   xor() 15105 MB/s
[    4.488062] raid6: avx2x1   gen() 36263 MB/s
[    4.536176] raid6: avx2x1   xor() 23374 MB/s
[    4.584312] raid6: avx2x2   gen() 47829 MB/s
[    4.632391] raid6: avx2x2   xor() 31421 MB/s
[    4.680024] raid6: avx2x4   gen() 49267 MB/s
[    4.728147] raid6: avx2x4   xor() 28992 MB/s
[    4.728593] raid6: using algorithm avx2x4 gen() 49267 MB/s
[    4.729116] raid6: .... xor() 28992 MB/s, rmw enabled
[    4.729636] raid6: using avx2x2 recovery algorithm
[    4.731034] xor: automatically using best checksumming function   avx       
[    4.732372] async_tx: api initialized (async)
done.
Begin: Running /scripts/init-premount ... done.
Begin: Mounting root file system ... Begin: Running /scripts/local-top ... done.
Begin: Running /scripts/local-premount ... [    4.757029] Btrfs loaded, crc32c=crc32c-intel
Scanning for Btrfs filesystems
done.
Warning: fsck not present, so skipping root file system
[    4.772487] EXT4-fs (sda1): mounted filesystem with ordered data mode. Opts: (null)
done.
Begin: Running /scripts/local-bottom ... done.
Begin: Running /scripts/init-bottom ... done.
[    4.869068] ip_tables: (C) 2000-2006 Netfilter Core Team
[    4.873708] systemd[1]: systemd 237 running in system mode. (+PAM +AUDIT +SELINUX +IMA +APPARMOR +SMACK +SYSVINIT +UTMP +LIBCRYPTSETUP +GCRYPT +GNUTLS +ACL +XZ +LZ4 +SECCOMP +BLKID +ELFUTILS +KMOD -IDN2 +IDN -PCRE2 default-hierarchy=hybrid)
[    4.875606] systemd[1]: Detected virtualization oracle.
[    4.876138] systemd[1]: Detected architecture x86-64.

Welcome to [1mUbuntu 18.04.6 LTS[0m!

[    4.879293] systemd[1]: Set hostname to <ubuntu>.
[    4.880934] systemd[1]: Initializing machine ID from random generator.
[    4.881567] systemd[1]: Installed transient /etc/machine-id file.
[    5.018430] systemd[1]: Reached target System Time Synchronized.
[[0;32m  OK  [0m] Reached target System Time Synchronized.
[    5.019567] systemd[1]: Reached target Swap.
[[0;32m  OK  [0m] Reached target Swap.
[    5.020299] systemd[1]: Reached target User and Group Name Lookups.
[[0;32m  OK  [0m] Reached target User and Group Name Lookups.
[    5.022025] systemd[1]: Created slice System Slice.
[[0;32m  OK  [0m] Created slice System Slice.
[[0;32m  OK  [0m] Listening on /dev/initctl Compatibility Named Pipe.
[[0;32m  OK  [0m] Listening on Journal Audit Socket.
[[0;32m  OK  [0m] Listening on Network Service Netlink Socket.
[[0;32m  OK  [0m] Listening on Journal Socket (/dev/log).
[[0;32m  OK  [0m] Listening on LVM2 poll daemon socket.
[[0;32m  OK  [0m] Listening on Syslog Socket.
[[0;32m  OK  [0m] Listening on fsck to fsckd communication Socket.
[[0;32m  OK  [0m] Listening on Journal Socket.
         Mounting Huge Pages File System...
         Starting Create list of required stâ€¦ce nodes for the current kernel...
         Starting Journal Service...
         Starting Set the console keyboard layout...
         Starting Load Kernel Modules...
         Mounting POSIX Message Queue File System...
         Starting File System Check on Root Device...
[[0;32m  OK  [0m] Listening on udev Control Socket.
[[0;32m  OK  [0m] Listening on udev Kernel Socket.
         Starting udev Coldplug all Devices...
         Starting Uncomplicated firewall...
[[0;32m  OK  [0m] Created slice system-serial\x2dgetty.slice.
[[0;32m  OK  [0m] Listening on Device-mapper event daemon FIFOs.
[[0;32m  OK  [0m] Started Forward Password Requests to Wall Directory Watch.
[[0;32m  OK  [0m] Created slice User and Session Slice.
[[0;32m  OK  [0m] Reached target Slices.
[[0;32m  OK  [0m] Reached target Mounting snaps.
[[0;32m  OK  [0m] Reached target Mounted snaps.
[[0;32m  OK  [0m] Set up automount Arbitrary Executabâ€¦rmats File System Automount Point.
[[0;32m  OK  [0m] Listening on LVM2 metadata daemon socket.
         Starting Monitoring of LVM2 mirrorsâ€¦ng dmeventd or progress polling...
         Mounting Kernel Debug File System...
[[0;32m  OK  [0m] Mounted Huge Pages File System.
[[0;32m  OK  [0m] Started Create list of required staâ€¦vice nodes for the current kernel.
[[0;32m  OK  [0m] Mounted POSIX Message Queue File System.
[[0;32m  OK  [0m] Mounted Kernel Debug File System.
         Starting Create Static Device Nodes in /dev...
[[0;32m  OK  [0m] Started Journal Service.
[    5.072826] Loading iSCSI transport class v2.0-870.
[    5.077149] iscsi: registered transport (tcp)
[    5.090196] iscsi: registered transport (iser)
[[0;32m  OK  [0m] Started Load Kernel Modules.
         Starting Apply Kernel Variables...
         Mounting FUSE Control File System...
         Mounting Kernel Configuration File System...
[[0;32m  OK  [0m] Started Uncomplicated firewall.
[[0;32m  OK  [0m] Mounted Kernel Configuration File System.
[[0;32m  OK  [0m] Started File System Check Daemon to report status.
[[0;32m  OK  [0m] Mounted FUSE Control File System.
[[0;32m  OK  [0m] Started LVM2 metadata daemon.
[[0;32m  OK  [0m] Started udev Coldplug all Devices.
[[0;32m  OK  [0m] Started Create Static Device Nodes in /dev.
[[0;32m  OK  [0m] Started Apply Kernel Variables.
[[0;32m  OK  [0m] Started File System Check on Root Device.
         Starting Remount Root and Kernel File Systems...
[[0;32m  OK  [0m] Started Monitoring of LVM2 mirrors,â€¦sing dmeventd or progress polling.
[[0;32m  OK  [0m] Started Remount Root and Kernel File Systems.
         Starting udev Kernel Device Manager...
         Starting Flush Journal to Persistent Storage...
         Starting Load/Save Random Seed...
[[0;32m  OK  [0m] Started Load/Save Random Seed.
[[0;32m  OK  [0m] Started udev Kernel Device Manager.
[[0;32m  OK  [0m] Started Flush Journal to Persistent Storage.
[[0;32m  OK  [0m] Found device /dev/ttyS0.
[[0;32m  OK  [0m] Listening on Load/Save RF Kill Switch Status /dev/rfkill Watch.
         Mounting Arbitrary Executable File Formats File System...
[[0;32m  OK  [0m] Mounted Arbitrary Executable File Formats File System.
[[0;32m  OK  [0m] Started Set the console keyboard layout.
[[0;32m  OK  [0m] Reached target Local File Systems (Pre).
[[0;32m  OK  [0m] Reached target Local File Systems.
         Starting ebtables ruleset management...
         Starting Commit a transient machine-id on disk...
         Starting Tell Plymouth To Write Out Runtime Data...
         Starting Create Volatile Files and Directories...
         Starting Set console font and keymap...
         Starting AppArmor initialization...
[[0;32m  OK  [0m] Started Dispatch Password Requests to Console Directory Watch.
[[0;32m  OK  [0m] Reached target Local Encrypted Volumes.
[[0;32m  OK  [0m] Started Tell Plymouth To Write Out Runtime Data.
[[0;32m  OK  [0m] Started Create Volatile Files and Directories.
         Starting Update UTMP about System Boot/Shutdown...
[[0;32m  OK  [0m] Started Update UTMP about System Boot/Shutdown.
[[0;32m  OK  [0m] Started ebtables ruleset management.
[[0;32m  OK  [0m] Started Commit a transient machine-id on disk.
[[0;32m  OK  [0m] Started AppArmor initialization.
         Starting Load AppArmor profiles managed internally by snapd...
         Starting Initial cloud-init job (pre-networking)...
[[0;32m  OK  [0m] Started Load AppArmor profiles managed internally by snapd.
[[0;32m  OK  [0m] Started Set console font and keymap.
[    7.005456] cloud-init[842]: Cloud-init v. 23.1.2-0ubuntu0~18.04.1 running 'init-local' at Tue, 29 Oct 2024 01:46:00 +0000. Up 6.81 seconds.
[[0;32m  OK  [0m] Started Initial cloud-init job (pre-networking).
[[0;32m  OK  [0m] Reached target Network (Pre).
         Starting Network Service...
[[0;32m  OK  [0m] Started Network Service.
         Starting Network Name Resolution...
         Starting Wait for Network to be Configured...
[[0;32m  OK  [0m] Started Network Name Resolution.
[[0;32m  OK  [0m] Reached target Host and Network Name Lookups.
[[0;32m  OK  [0m] Reached target Network.
[[0;32m  OK  [0m] Started Wait for Network to be Configured.
         Starting Initial cloud-init job (metadata service crawler)...
[    9.135997] cloud-init[1005]: Cloud-init v. 23.1.2-0ubuntu0~18.04.1 running 'init' at Tue, 29 Oct 2024 01:46:03 +0000. Up 9.06 seconds.
[    9.148514] cloud-init[1005]: ci-info: ++++++++++++++++++++++++++++++++++++++Net device info++++++++++++++++++++++++++++++++++++++
[    9.164629] cloud-init[1005]: ci-info: +--------+------+----------------------------+---------------+--------+-------------------+
[    9.165249] cloud-init[1005]: ci-info: | Device |  Up  |          Address           |      Mask     | Scope  |     Hw-Address    |
[    9.176501] cloud-init[1005]: ci-info: +--------+------+----------------------------+---------------+--------+-------------------+
[    9.188217] cloud-init[1005]: ci-info: | enp0s3 | True |         10.0.2.15          | 255.255.255.0 | global | 02:3b:7b:b7:3b:2d |
[    9.188832] cloud-init[1005]: ci-info: | enp0s3 | True | fe80::3b:7bff:feb7:3b2d/64 |       .       |  link  | 02:3b:7b:b7:3b:2d |
[    9.189453] cloud-init[1005]: ci-info: |   lo   | True |         127.0.0.1          |   255.0.0.0   |  host  |         .         |
[    9.190049] cloud-init[1005]: ci-info: |   lo   | True |          ::1/128           |       .       |  host  |         .         |
[    9.190673] cloud-init[1005]: ci-info: +--------+------+----------------------------+---------------+--------+-------------------+
[    9.191320] cloud-init[1005]: ci-info: ++++++++++++++++++++++++++++Route IPv4 info+++++++++++++++++++++++++++++
[    9.204327] cloud-init[1005]: ci-info: +-------+-------------+----------+-----------------+-----------+-------+
[    9.216135] cloud-init[1005]: ci-info: | Route | Destination | Gateway  |     Genmask     | Interface | Flags |
[    9.228159] cloud-init[1005]: ci-info: +-------+-------------+----------+-----------------+-----------+-------+
[    9.244454] cloud-init[1005]: ci-info: |   0   |   0.0.0.0   | 10.0.2.2 |     0.0.0.0     |   enp0s3  |   UG  |
[    9.256244] cloud-init[1005]: ci-info: |   1   |   10.0.2.0  | 0.0.0.0  |  255.255.255.0  |   enp0s3  |   U   |
[    9.268138] cloud-init[1005]: ci-info: |   2   |   10.0.2.2  | 0.0.0.0  | 255.255.255.255 |   enp0s3  |   UH  |
[    9.280075] cloud-init[1005]: ci-info: +-------+-------------+----------+-----------------+-----------+-------+
[    9.296518] cloud-init[1005]: ci-info: +++++++++++++++++++Route IPv6 info+++++++++++++++++++
[    9.307724] cloud-init[1005]: ci-info: +-------+-------------+---------+-----------+-------+
[    9.308245] cloud-init[1005]: ci-info: | Route | Destination | Gateway | Interface | Flags |
[    9.308803] cloud-init[1005]: ci-info: +-------+-------------+---------+-----------+-------+
[    9.309152] cloud-init[1005]: ci-info: |   1   |  fe80::/64  |    ::   |   enp0s3  |   U   |
[    9.309604] cloud-init[1005]: ci-info: |   3   |    local    |    ::   |   enp0s3  |   U   |
[    9.310137] cloud-init[1005]: ci-info: |   4   |   ff00::/8  |    ::   |   enp0s3  |   U   |
[    9.310588] cloud-init[1005]: ci-info: +-------+-------------+---------+-----------+-------+
[    9.696520] cloud-init[1005]: Generating public/private rsa key pair.
[    9.696930] cloud-init[1005]: Your identification has been saved in /etc/ssh/ssh_host_rsa_key.
[    9.708557] cloud-init[1005]: Your public key has been saved in /etc/ssh/ssh_host_rsa_key.pub.
[    9.709168] cloud-init[1005]: The key fingerprint is:
[    9.720348] cloud-init[1005]: SHA256:1K91JcxiYrF9ZwNLZGB4gPn4IBWBhdvphAPWtFD6p6I root@ubuntu-bionic
[    9.720863] cloud-init[1005]: The key's randomart image is:
[[0;32m  OK  [0m] Started Initial cloud-init job (metadata service crawler).
[[0;32m  OK  [0m] Reached target System Initialization.
[[0;32m  OK  [0m] Listening on Open-iSCSI iscsid Socket.
[[0;32m  OK  [0m] Started Discard unused blocks once a week.
[[0;32m  OK  [0m] Started Ubuntu Advantage Timer for running repeated jobs.
[[0;32m  OK  [0m] Started Daily apt download activities.
         Starting Socket activation for snappy daemon.
[[0;32m  OK  [0m] Started Daily Cleanup of Temporary Directories.
[[0;32m  OK  [0m] Started Message of the Day.
[    9.738395] cloud-init[1005]: +---[RSA 2048]----+
[    9.801104] cloud-init[1005]: |   .+o++=.+oo=   |
[    9.801524] cloud-init[1005]: |   oo+.+ o.=ooo  |
[    9.801958] cloud-init[1005]: |  ....= = * +.=.+|
         Starting LXD - unix socket.
[    9.816149] cloud-init[1005]: |    .= B o + o =.|
[    9.816651] cloud-init[1005]: |     .=.S   o .  |
[    9.817029] cloud-init[1005]: |      o. . o .   |
[    9.817365] cloud-init[1005]: |   . .    .      |
[    9.817687] cloud-init[1005]: |  . .            |
[    9.818019] cloud-init[1005]: | E               |
[    9.829126] cloud-init[1005]: +----[SHA256]-----+
[    9.829498] cloud-init[1005]: Generating public/private dsa key pair.
[    9.829969] cloud-init[1005]: Your identification has been saved in /etc/ssh/ssh_host_dsa_key.
[    9.830588] cloud-init[1005]: Your public key has been saved in /etc/ssh/ssh_host_dsa_key.pub.
[    9.831135] cloud-init[1005]: The key fingerprint is:
[    9.831546] cloud-init[1005]: SHA256:/C5SA/aL4emcwWmQHNS1foVFXdp0dvrv309603pZ/OE root@ubuntu-bionic
[    9.832140] cloud-init[1005]: The key's randomart image is:
[    9.849863] cloud-init[1005]: +---[DSA 1024]----+
[    9.850168] cloud-init[1005]: |    .. ..  .o. .*|
[    9.850435] cloud-init[1005]: |   .  .  . o  .*o|
[    9.850734] cloud-init[1005]: |    .   . . . o .|
[[0;32m  OK  [0m] Started ACPI Events Check.
[[0;32m  OK  [0m] Reached target Paths.
[[0;32m  OK  [0m] Listening on UUID daemon activation socket.
[[0;32m  OK  [0m] Listening on ACPID Listen Socket.
[[0;32m  OK  [0m] Listening on D-Bus System Message Bus Socket.
[[0;32m  OK  [0m] Started Daily apt upgrade and clean activities.
[[0;32m  OK  [0m] Reached target Timers.
[[0;32m  OK  [0m] Listening on cloud-init hotplug hook socket.
[[0;32m  OK  [0m] Reached target Cloud-config availability.
[[0;32m  OK  [0m] Reached target Network is Online.
[    9.853127] cloud-init[1005]: |   . ooo   .   . |
[    9.888547] cloud-init[1005]: |    +. oS .    ..|
[    9.888892] cloud-init[1005]: |     o..+o     .+|
[    9.889210] cloud-init[[0;32m  OK  [0m] Reached target Remote File Systems (Pre).
[[0;32m  OK  [0m] Reached target Remote File Systems.
[1005]: |     .== o.   . O|
[    9.890682] cloud-init[1005]: |     o=oo.     E*|
         [    9.893093] Starting Availability of block devices...
cloud-init[1005]: |     .+. ..   o+O|
[[    9.893606] [0;32m  OK  [0m] Listening on Socket activation for snappy daemon.
cloud-init[1005]: +----[SHA256]-----+
[[    9.904431] cloud-init[1005]: Generating public/private ecdsa key pair.
[    9.904497] cloud-init[1005]: Your identification has been saved in /etc/ssh/ssh_host_ecdsa_key.
[    9.904694] cloud-init[1005]: Your public key has been saved in /etc/ssh/ssh_host_ecdsa_key.pub.
[0;32m  OK  [0m] Listening on LXD - unix socket.
[    9.904835] cloud-init[1005]: The key fingerprint is:
[    9.906216] cloud-init[1005]: SHA256:NtVPlLzWwqns/cT1SBqHkrE1bA7nP3dYvZy/hes5ZU8 root@ubuntu-bionic
[[    9.916261] cloud-init[1005]: The key's randomart image is:
[0;32m  OK  [0m] Started Availability of block devices.
[    9.916302] cloud-init[1005]: +---[ECDSA 256]---+
[[    9.928386] cloud-init[1005]: |             ... |
[0;32m  OK  [0m] Reached target Sockets.
[    9.928431] cloud-init[1005]: |           o .o  |
[    9.928953] cloud-init[1005]: |          + B..+ |
[[0;32m  OK  [0m] Reached target Basic System.
[    9.928973] cloud-init[1005]: |         . @ =* o|
[    9.940381] cloud-init[1005]: |        S +.=o+.+|
[    9.940434] cloud-init[1005]: |       . . .o*.*E|
[    9.940477] cloud-init[1005]: |           ...*BO|
[    9.940649] cloud-init[1005]: |            . o*=|
[    9.940870] cloud-init[1005]: |             .+++|
[    9.941101] cloud-init[1005]: +----[SHA256]-----+
[    9.941351] cloud-init[1005]: Generating public/private ed25519 key pair.
[    9.941541] cloud-init[1005]: Your identification has been saved in /etc/ssh/ssh_host_ed25519_key.
[    9.941824] cloud-init[1005]: Your public key has been saved in /etc/ssh/ssh_host_ed25519_key.pub.
[    9.942010] cloud-init[1005]: The key fingerprint is:
[[0;32m  OK  [0m] Started irqbalance daemon.
[    9.942273] cloud-init[1005]: SHA256:1iSgdpFqKh+0eWNoqNzmOxqTbmtMul6VIkXupOBnyGg root@ubuntu-bionic
[    9.944315] cloud-init[1005]: The key's randomart image is:
[[    9.956220] cloud-init[1005]: +--[ED25519 256]--+
[    9.956258] cloud-init[1005]: |   .  o.         |
[    9.956475] cloud-init[1005]: |  o  ..o         |
[    9.956758] cloud-init[1005]: |.  +o.. . .      |
[    9.956934] cloud-init[1005]: |= B.o..  +       |
[    9.957150] cloud-init[1005]: |.E @ o  S .      |
[    9.957377] cloud-init[1005]: |+.% *  .         |
[    9.957593] cloud-init[1005]: |*B.= .           |
[    9.957618] cloud-init[1005]: |+==+             |
[    9.957942] cloud-init[1005]: |=*=oo            |
[    9.958203] cloud-init[1005]: +----[SHA256]-----+
[0;32m  OK  [0m] Reached target Login Prompts (Pre).
         Starting Dispatcher daemon for systemd-networkd...
         Starting LXD - container startup/shutdown...
         Starting System Logging Service...
         Starting Virtualbox guest utils...
[[0;32m  OK  [0m] Started Regular background program processing daemon.
         Starting Accounts Service...
         Starting Permit User Sessions...
[[0;32m  OK  [0m] Started FUSE filesystem for LXC.
         Starting Pollinate to seed the pseudo random number generator...
         Starting LSB: Record successful boot for GRUB...
[[0;32m  OK  [0m] Started D-Bus System Message Bus.
         Starting Login Service...
         Starting LSB: automatic crash report generation...
[[0;32m  OK  [0m] Started Deferred execution scheduler.
         Starting Snap Daemon...
[[0;32m  OK  [0m] Started System Logging Service.
[[0;32m  OK  [0m] Started Dispatcher daemon for systemd-networkd.
[[0;32m  OK  [0m] Started LXD - container startup/shutdown.
[[0;32m  OK  [0m] Started Permit User Sessions.
[[0;32m  OK  [0m] Started Login Service.
         Starting Authorization Manager...
[[0;32m  OK  [0m] Started Unattended Upgrades Shutdown.
         Starting Terminate Plymouth Boot Screen...
         Starting Hold until boot process finishes up...
[[0;32m  OK  [0m] Started LSB: automatic crash report generation.
[[0;32m  OK  [0m] Started Hold until boot process finishes up.
         Starting Set console scheme...
[[0;32m  OK  [0m] Started Serial Getty on ttyS0.
[[0;32m  OK  [0m] Started Terminate Plymouth Boot Screen.
[[0;32m  OK  [0m] Started Set console scheme.
[[0;32m  OK  [0m] Created slice system-getty.slice.
[[0;32m  OK  [0m] Started Getty on tty1.
[[0;32m  OK  [0m] Reached target Login Prompts.
[[0;32m  OK  [0m] Started LSB: Record successful boot for GRUB.
[[0;32m  OK  [0m] Started Virtualbox guest utils.
[[0;32m  OK  [0m] Started Authorization Manager.
[[0;32m  OK  [0m] Started Accounts Service.
[[0;32m  OK  [0m] Started Snap Daemon.
         Starting Wait until snapd is fully seeded...
         Starting Time & Date Service...
[[0;32m  OK  [0m] Started Time & Date Service.
[[0;32m  OK  [0m] Started Pollinate to seed the pseudo random number generator.
         Starting OpenBSD Secure Shell server...
[[0;32m  OK  [0m] Started OpenBSD Secure Shell server.
[[0;32m  OK  [0m] Started Wait until snapd is fully seeded.
         Starting Apply the settings specified in cloud-config...
[   11.929627] cloud-init[1676]: Cloud-init v. 23.1.2-0ubuntu0~18.04.1 running 'modules:config' at Tue, 29 Oct 2024 01:46:05 +0000. Up 11.71 seconds.
[[0;32m  OK  [0m] Started Apply the settings specified in cloud-config.
[[0;32m  OK  [0m] Reached target Multi-User System.
         Starting Execute cloud user/final scripts...
[[0;32m  OK  [0m] Reached target Graphical Interface.
         Starting Update UTMP about System Runlevel Changes...
[[0;32m  OK  [0m] Started Update UTMP about System Runlevel Changes.
[[0;32m  OK  [0m] Created slice User Slice of vagrant.
         Starting User Manager for UID 1000...
[[0;32m  OK  [0m] Started Session 1 of user vagrant.
[[0;32m  OK  [0m] Started User Manager for UID 1000.
ci-info: no authorized SSH keys fingerprints found for user ubuntu.
<14>Oct 29 01:46:06 cloud-init: #############################################################
<14>Oct 29 01:46:06 cloud-init: -----BEGIN SSH HOST KEY FINGERPRINTS-----
<14>Oct 29 01:46:06 cloud-init: 1024 SHA256:/C5SA/aL4emcwWmQHNS1foVFXdp0dvrv309603pZ/OE root@ubuntu-bionic (DSA)
<14>Oct 29 01:46:06 cloud-init: 256 SHA256:NtVPlLzWwqns/cT1SBqHkrE1bA7nP3dYvZy/hes5ZU8 root@ubuntu-bionic (ECDSA)
<14>Oct 29 01:46:06 cloud-init: 256 SHA256:1iSgdpFqKh+0eWNoqNzmOxqTbmtMul6VIkXupOBnyGg root@ubuntu-bionic (ED25519)
<14>Oct 29 01:46:06 cloud-init: 2048 SHA256:1K91JcxiYrF9ZwNLZGB4gPn4IBWBhdvphAPWtFD6p6I root@ubuntu-bionic (RSA)
<14>Oct 29 01:46:06 cloud-init: -----END SSH HOST KEY FINGERPRINTS-----
<14>Oct 29 01:46:06 cloud-init: #############################################################
-----BEGIN SSH HOST KEY KEYS-----
ecdsa-sha2-nistp256 AAAAE2VjZHNhLXNoYTItbmlzdHAyNTYAAAAIbmlzdHAyNTYAAABBBNyZW2na1hBu/MdziHk24ij4cYmB+31t+R9f1xRFkjsSy/3qknQVmdqGCRLzUigaUQeRgoTFsmLKKTd2paAQzgo= root@ubuntu-bionic
ssh-ed25519 AAAAC3NzaC1lZDI1NTE5AAAAIKKhOMHfcGtHrTRoA1q9FFcL0yhFlced98ATb+D7vXdn root@ubuntu-bionic
ssh-rsa AAAAB3NzaC1yc2EAAAADAQABAAABAQC6c/tNJj1KEqKMFYJqSvxqQyz63qP3ZRn5m+POqtOH4tTAq4pVAmzTnW0SzcjaMRvIOncMbIcS3kVkaS1luYe1TRgsqcAZsTG+sJGQwa2sUuthuzVcdcsz3q+1GMBLiMHDN5MlZm0eaSBxkrzJH+QLUbww38zy2TdE6R5tUy3yScdmzn1qFNZ9ct2hMZikwK+BSAts9CpGXTVTGcrhvzCL5V5fyHMil+cpdbHs2dD1FvQQQSJ0fSkQ2N4gV2yhYd/nnKII2OULyEY0Z4lKU+/2aoCq9c2/SCMMeSn11bMwUaislTtxYcgSQ/net4uFr7rgz9vaR7gCpyoK06OprlSJ root@ubuntu-bionic
-----END SSH HOST KEY KEYS-----
[   12.404416] cloud-init[1727]: Cloud-init v. 23.1.2-0ubuntu0~18.04.1 running 'modules:final' at Tue, 29 Oct 2024 01:46:06 +0000. Up 12.21 seconds.
[   12.416204] cloud-init[1727]: Cloud-init v. 23.1.2-0ubuntu0~18.04.1 finished at Tue, 29 Oct 2024 01:46:06 +0000. Datasource DataSourceNoCloud [seed=/dev/sdb][dsmode=net].  Up 12.39 seconds
[[0;32m  OK  [0m] Started Execute cloud user/final scripts.
[[0;32m  OK  [0m] Reached target Cloud-init target.

Ubuntu 18.04.6 LTS ubuntu-bionic ttyS0

ubuntu-bionic login: 